---
source: tests/schema_migrations.rs
expression: "table_columns(&connection, \"canvas_panels\")"
---
- - id
  - TEXT
  - 0
  - ~
- - workspace_id
  - TEXT
  - 1
  - ~
- - panel_type
  - TEXT
  - 1
  - ~
- - x
  - REAL
  - 1
  - "0"
- - y
  - REAL
  - 1
  - "0"
- - width
  - REAL
  - 1
  - "480"
- - height
  - REAL
  - 1
  - "360"
- - z
  - INTEGER
  - 1
  - "0"
- - locked
  - INTEGER
  - 1
  - "0"
- - title
  - TEXT
  - 0
  - ~
- - config
  - TEXT
  - 0
  - ~
- - created_at
  - TEXT
  - 1
  - "datetime('now')"
- - updated_at
  - TEXT
  - 1
  - "datetime('now')"
